{
  "version": "1.4.0",
  "plugins_used": [
    {
      "name": "ArtifactoryDetector"
    },
    {
      "name": "AWSKeyDetector"
    },
    {
      "name": "AzureStorageKeyDetector"
    },
    {
      "name": "Base64HighEntropyString",
      "limit": 4.5
    },
    {
      "name": "BasicAuthDetector"
    },
    {
      "name": "CloudantDetector"
    },
    {
      "name": "DiscordBotTokenDetector"
    },
    {
      "name": "GitHubTokenDetector"
    },
    {
      "name": "HexHighEntropyString",
      "limit": 3.0
    },
    {
      "name": "IbmCloudIamDetector"
    },
    {
      "name": "IbmCosHmacDetector"
    },
    {
      "name": "JwtTokenDetector"
    },
    {
      "name": "KeywordDetector",
      "keyword_exclude": "secretPrefix|secretName|secretValue"
    },
    {
      "name": "MailchimpDetector"
    },
    {
      "name": "NpmDetector"
    },
    {
      "name": "PrivateKeyDetector"
    },
    {
      "name": "SendGridDetector"
    },
    {
      "name": "SlackDetector"
    },
    {
      "name": "SoftlayerDetector"
    },
    {
      "name": "SquareOAuthDetector"
    },
    {
      "name": "StripeDetector"
    },
    {
      "name": "TwilioKeyDetector"
    }
  ],
  "filters_used": [
    {
      "path": "detect_secrets.filters.allowlist.is_line_allowlisted"
    },
    {
      "path": "detect_secrets.filters.common.is_ignored_due_to_verification_policies",
      "min_level": 2
    },
    {
      "path": "detect_secrets.filters.heuristic.is_indirect_reference"
    },
    {
      "path": "detect_secrets.filters.heuristic.is_likely_id_string"
    },
    {
      "path": "detect_secrets.filters.heuristic.is_lock_file"
    },
    {
      "path": "detect_secrets.filters.heuristic.is_not_alphanumeric_string"
    },
    {
      "path": "detect_secrets.filters.heuristic.is_potential_uuid"
    },
    {
      "path": "detect_secrets.filters.heuristic.is_prefixed_with_dollar_sign"
    },
    {
      "path": "detect_secrets.filters.heuristic.is_sequential_string"
    },
    {
      "path": "detect_secrets.filters.heuristic.is_swagger_file"
    },
    {
      "path": "detect_secrets.filters.heuristic.is_templated_secret"
    },
    {
      "path": "detect_secrets.filters.regex.should_exclude_file",
      "pattern": []
    },
    {
      "path": "detect_secrets.filters.regex.should_exclude_secret",
      "pattern": [
        "jfDZSCq6Z7Hu22uWaNEtDfFfv-RZot58oxhTAwNoGT3aMvWUiZBIzqm0b9f2xkxMBEky3oix9xC5_KRL2Xv-OO9DdTw7sfLMUs7BidEXWRIAq7PgiD1rdkQ5ElZHM1TPYoREXhJyqtXMgup8lD_B85m-xBOgaZQvuG_cxc0lNerLBgu1f23jcy0S8G3P8L-Cl056Kv6QV-WGFOQW0Vurwd_f432Ho1W1STYrSat22YNkX2_A0SJZGVcxF_wKKfNAUw4n7sVdYZOfl62x7Cz2Rt2HX36U6vLhI8ZLNGROCsNKI-LYJA2ET1_li150DMgMNlfYfwHrO3jFi_j1XcK_oA",
        "cT7gnhBT0VT7jY5gEAsafuZi-o6BP8DI-aaH97mJ4e6q0E1pAgWkWAHc-qvmRWYHLUfbMlTOpH5AlQNhQ-ZWsfm40eM0sIV3OZCk4KcAbSoz4v-9aqleBTVhr_YhZqk_lZ9I9566SzLnOuPkWQr6J5F6F19Ol7Ob0j7-a2zHgXlxQizp1hjXiWAhJ0aFFRfP4hxcohn7h5EKeMw8ZT8jv1kqc0PwRoZOt83SgBcdlLcIz9LDPIUWuXXtw9Xi5FrfAc2SXFv4sv7BEo70-ICT9sC1jTpkMsqJlofqu5R3L2Kf51HFOJe2C1SRy_MQGID9FnQGgrDburfSpcmH_DPxdLS8SJ9X7LyyrPWzrdTwgUDdUCWmsoYbvgZQC1KhRiu7GjKLDU2uQgo0NSiaNIcyS6qllDXPqJUTkz0snmMUjcIN7ZTzA29ngxJh5OhI444qChQrB-2hU769giX00UEyqb--MpTWybGReoC0nF-BzaZrrQkWMB2vFWiDg5dUUD6778b4YvmryINCP5H4NteK8JHnIsqMMbY6wxtZFqVhsvVAR6thM9JBKJrN5nSMkKlwSAEpf2vbUyec2x_AZQ6d66lrneZe3VHWmHAo42d6if2P-yaL2vLrr9g73vr7CfU9WiTYTYtFOJ0aWodFwnSeZq-Bek1RXTNsEl4G8K3ved97W1YlEW4359V6OWpSCfFouDJv-yLxaedRvzXjcBH0Ssx6D8Njs4cOduQ-PE22mUcpHd5URsUsU19F59jgXpk",
        ".*okVaj3BYY8FfaPef4nzV9dr\\+ziueibf2hofYDQ=",
        "eyJraWQiOiJpcHYtY29yZS1zdHViIiwiYWxnIjoiUlMyNTYifQ\\.eyJzdWIiOiJpcHYtY29yZS1zdHViIiwiYXVkIjoiaHR0cHM6XC9cL2Rldi5hZGRyZXNzLmNyaS5hY2NvdW50Lmdvdi51ayIsIm5iZiI6MTY1MDU0MTg0MCwic2hhcmVkX2NsY.*",
        "eyJraWQiOiJpcHYtY29yZS1zdHViIiwiYWxnIjoiUlMyNTYifQ\\.eyJzdWIiOiJpcHYtY29yZS1zdHViIiwiYXVkIjoiaHR0cHM6XC9cL2Rldi5hZGRyZXNzLmNyaS5hY2NvdW50Lmdvdi51ayIsIm5iZiI6MTY1MDU0MDkyNSwic2hhcmVkX2NsY.*",
        "MIIDJDCCAgwCCQD3oEU83RePojANBgkqhkiG9w0BAQsFADBUMQswCQYDVQQGEwJHQjEXMBUGA1UECgwOQ2FiaW5ldCBPZmZpY2UxDDAKBgNVBAsMA0dEUzEeMBwGA1UEAwwVSVBWIENvcmUgU3R1YiBTaWduaW5nMB4XDTIyMDIwNDE3NDg1NFoXDT.*",
        "MIIFVjCCAz4CCQDGbJ/u6uFT6DANBgkqhkiG9w0BAQsFADBtMQswCQYDVQQGEwJHQjENMAsGA1UECAwEVGVzdDENMAsGA1UEBwwEVGVzdDENMAsGA1UECgwEVEVzdDENMAsGA1UECwwEVEVzdDENMAsGA1UEAwwEVEVzdDETMBEGCSqGSIb3DQEJAR.*",
        "ewogICAgImt0eSI6ICJFQyIsCiAgICAidXNlIjogInNpZyIsCiAgICAiY3J2IjogIlAtMjU2IiwKICAgICJraWQiOiAiaXB2LWNvcmUtc3R1Yi0xLWZyb20tbWtqd2sub3JnIiwKICAgICJ4IjogIklmUjFQejlPdWNJMll3YldKVGEtT3h0MDJ6X3.*",
        "MIIJRAIBADANBgkqhkiG9w0BAQEFAASCCS4wggkqAgEAAoICAQDLVxVnUp8WaAWUNDJ/9HcsX8mzqMBLZnNuzxYZJLTKzpn5dHjHkNMjOdmnlwe65Cao4XKVdLDmgYHAxd3Yvo2KYb2smcnjDwbLkDoiYayINkL7cBdEFvmGr8h0NMGNtSpHEAqiRJ.*",
        "ewogICAgImt0eSI6ICJFQyIsCiAgICAiZCI6ICI1MzRnaFRadVN0UkE4SFQwY0Y0NFprWl84YTkwWTJiY3R5akdKekpoVG8wIiwKICAgICJ1c2UiOiAic2lnIiwKICAgICJjcnYiOiAiUC0yNTYiLAogICAgImtpZCI6ICJpcHYtY29yZS1zdHViLT.*",
        "MIGHAgEAMBMGByqGSM49AgEGCCqGSM49AwEHBG0wawIBAQQgOXt0P05ZsQcK7eYusgIPsqZdaBCIJiW4imwUtnaAthWhRANCAAQT1nO46ipxVTilUH2umZPN7OPI49GU6Y8YkcqLxFKUgypUzGbYR2VJGM\\+QJXk0PI339EyYkt6tjgfS\\+RcOMQNO",
        "E9ZzuOoqcVU4pVB9rpmTzezjyOPRlOmPGJHKi8RSlIM",
        "KlTMZthHZUkYz5AleTQ8jff0TJiS3q2OB9L5Fw4xA04"
      ]
    }
  ],
  "results": {},
  "generated_at": "2023-12-15T12:23:54Z"
}
