{
  "version": "1.4.0",
  "plugins_used": [
    {
      "name": "ArtifactoryDetector"
    },
    {
      "name": "AWSKeyDetector"
    },
    {
      "name": "AzureStorageKeyDetector"
    },
    {
      "name": "Base64HighEntropyString",
      "limit": 4.5
    },
    {
      "name": "BasicAuthDetector"
    },
    {
      "name": "CloudantDetector"
    },
    {
      "name": "DiscordBotTokenDetector"
    },
    {
      "name": "GitHubTokenDetector"
    },
    {
      "name": "HexHighEntropyString",
      "limit": 3.0
    },
    {
      "name": "IbmCloudIamDetector"
    },
    {
      "name": "IbmCosHmacDetector"
    },
    {
      "name": "JwtTokenDetector"
    },
    {
      "name": "KeywordDetector",
      "keyword_exclude": "secretPrefix|secretName|secretValue"
    },
    {
      "name": "MailchimpDetector"
    },
    {
      "name": "NpmDetector"
    },
    {
      "name": "PrivateKeyDetector"
    },
    {
      "name": "SendGridDetector"
    },
    {
      "name": "SlackDetector"
    },
    {
      "name": "SoftlayerDetector"
    },
    {
      "name": "SquareOAuthDetector"
    },
    {
      "name": "StripeDetector"
    },
    {
      "name": "TwilioKeyDetector"
    }
  ],
  "filters_used": [
    {
      "path": "detect_secrets.filters.allowlist.is_line_allowlisted"
    },
    {
      "path": "detect_secrets.filters.common.is_ignored_due_to_verification_policies",
      "min_level": 2
    },
    {
      "path": "detect_secrets.filters.heuristic.is_indirect_reference"
    },
    {
      "path": "detect_secrets.filters.heuristic.is_likely_id_string"
    },
    {
      "path": "detect_secrets.filters.heuristic.is_lock_file"
    },
    {
      "path": "detect_secrets.filters.heuristic.is_not_alphanumeric_string"
    },
    {
      "path": "detect_secrets.filters.heuristic.is_potential_uuid"
    },
    {
      "path": "detect_secrets.filters.heuristic.is_prefixed_with_dollar_sign"
    },
    {
      "path": "detect_secrets.filters.heuristic.is_sequential_string"
    },
    {
      "path": "detect_secrets.filters.heuristic.is_swagger_file"
    },
    {
      "path": "detect_secrets.filters.heuristic.is_templated_secret"
    },
    {
      "path": "detect_secrets.filters.regex.should_exclude_file",
      "pattern": []
    },
    {
      "path": "detect_secrets.filters.regex.should_exclude_secret",
      "pattern": [
        "eyJraWQiOiJpcHYtY29yZS1zdHViIiwiYWxnIjoiUlMyNTYifQ\\.eyJzdWIiOiJpcHYtY29yZS1zdHViIiwiYXVkIjoiaHR0cHM6XC9cL2Rldi5hZGRyZXNzLmNyaS5hY2NvdW50Lmdvdi51ayIsIm5iZiI6MTY1MDU0MTg0MCwic2hhcmVkX2NsY.*",
        "eyJraWQiOiJpcHYtY29yZS1zdHViIiwiYWxnIjoiUlMyNTYifQ\\.eyJzdWIiOiJpcHYtY29yZS1zdHViIiwiYXVkIjoiaHR0cHM6XC9cL2Rldi5hZGRyZXNzLmNyaS5hY2NvdW50Lmdvdi51ayIsIm5iZiI6MTY1MDU0MDkyNSwic2hhcmVkX2NsY.*",
        "MIIDJDCCAgwCCQD3oEU83RePojANBgkqhkiG9w0BAQsFADBUMQswCQYDVQQGEwJHQjEXMBUGA1UECgwOQ2FiaW5ldCBPZmZpY2UxDDAKBgNVBAsMA0dEUzEeMBwGA1UEAwwVSVBWIENvcmUgU3R1YiBTaWduaW5nMB4XDTIyMDIwNDE3NDg1NFoXDT.*",
        "MIIFVjCCAz4CCQDGbJ/u6uFT6DANBgkqhkiG9w0BAQsFADBtMQswCQYDVQQGEwJHQjENMAsGA1UECAwEVGVzdDENMAsGA1UEBwwEVGVzdDENMAsGA1UECgwEVEVzdDENMAsGA1UECwwEVEVzdDENMAsGA1UEAwwEVEVzdDETMBEGCSqGSIb3DQEJAR.*",
        "ewogICAgImt0eSI6ICJFQyIsCiAgICAidXNlIjogInNpZyIsCiAgICAiY3J2IjogIlAtMjU2IiwKICAgICJraWQiOiAiaXB2LWNvcmUtc3R1Yi0xLWZyb20tbWtqd2sub3JnIiwKICAgICJ4IjogIklmUjFQejlPdWNJMll3YldKVGEtT3h0MDJ6X3.*",
        "MIIJRAIBADANBgkqhkiG9w0BAQEFAASCCS4wggkqAgEAAoICAQDLVxVnUp8WaAWUNDJ/9HcsX8mzqMBLZnNuzxYZJLTKzpn5dHjHkNMjOdmnlwe65Cao4XKVdLDmgYHAxd3Yvo2KYb2smcnjDwbLkDoiYayINkL7cBdEFvmGr8h0NMGNtSpHEAqiRJ.*",
        "ewogICAgImt0eSI6ICJFQyIsCiAgICAiZCI6ICI1MzRnaFRadVN0UkE4SFQwY0Y0NFprWl84YTkwWTJiY3R5akdKekpoVG8wIiwKICAgICJ1c2UiOiAic2lnIiwKICAgICJjcnYiOiAiUC0yNTYiLAogICAgImtpZCI6ICJpcHYtY29yZS1zdHViLT.*",
        "MIGHAgEAMBMGByqGSM49AgEGCCqGSM49AwEHBG0wawIBAQQgOXt0P05ZsQcK7eYusgIPsqZdaBCIJiW4imwUtnaAthWhRANCAAQT1nO46ipxVTilUH2umZPN7OPI49GU6Y8YkcqLxFKUgypUzGbYR2VJGM\\+QJXk0PI339EyYkt6tjgfS\\+RcOMQNO",
        "E9ZzuOoqcVU4pVB9rpmTzezjyOPRlOmPGJHKi8RSlIM",
        "KlTMZthHZUkYz5AleTQ8jff0TJiS3q2OB9L5Fw4xA04"
      ]
    }
  ],
  "results": {},
  "generated_at": "2023-12-15T12:23:54Z"
}
